// Jest Snapshot v1, https://goo.gl/fbAQLP

exports[`Components / Progress matches snapshot 1`] = `
<body>
  <div>
    <div
      class="progress progress--rounded progress--secondary"
    >
      <span
        aria-valuemax="100"
        aria-valuemin="0"
        aria-valuenow="25"
        class="progress__bar"
        role="progressbar"
        style="width: 25%;"
      />
    </div>
  </div>
</body>
`;
